------------------------------------------------------------
Timing Analyzer Summary
------------------------------------------------------------

Type  : Slow 1100mV 85C Model Setup 'CLOCK_50'
Slack : -4.262
TNS   : -4.262

Type  : Slow 1100mV 85C Model Setup 'avconf:avc|mI2C_CTRL_CLK'
Slack : -2.614
TNS   : -139.135

Type  : Slow 1100mV 85C Model Hold 'CLOCK_50'
Slack : 0.233
TNS   : 0.000

Type  : Slow 1100mV 85C Model Hold 'avconf:avc|mI2C_CTRL_CLK'
Slack : 0.406
TNS   : 0.000

Type  : Slow 1100mV 85C Model Minimum Pulse Width 'avconf:avc|mI2C_CTRL_CLK'
Slack : -0.394
TNS   : -36.564

Type  : Slow 1100mV 85C Model Minimum Pulse Width 'Audio_Controller|Audio_Clock|altpll_component|auto_generated|generic_pll1~FRACTIONAL_PLL|vcoph[0]'
Slack : 1.666
TNS   : 0.000

Type  : Slow 1100mV 85C Model Minimum Pulse Width 'CLOCK_50'
Slack : 8.884
TNS   : 0.000

Type  : Slow 1100mV 0C Model Setup 'CLOCK_50'
Slack : -4.131
TNS   : -4.131

Type  : Slow 1100mV 0C Model Setup 'avconf:avc|mI2C_CTRL_CLK'
Slack : -2.579
TNS   : -134.787

Type  : Slow 1100mV 0C Model Hold 'CLOCK_50'
Slack : 0.219
TNS   : 0.000

Type  : Slow 1100mV 0C Model Hold 'avconf:avc|mI2C_CTRL_CLK'
Slack : 0.442
TNS   : 0.000

Type  : Slow 1100mV 0C Model Minimum Pulse Width 'avconf:avc|mI2C_CTRL_CLK'
Slack : -0.394
TNS   : -36.343

Type  : Slow 1100mV 0C Model Minimum Pulse Width 'Audio_Controller|Audio_Clock|altpll_component|auto_generated|generic_pll1~FRACTIONAL_PLL|vcoph[0]'
Slack : 1.666
TNS   : 0.000

Type  : Slow 1100mV 0C Model Minimum Pulse Width 'CLOCK_50'
Slack : 8.838
TNS   : 0.000

Type  : Fast 1100mV 85C Model Setup 'CLOCK_50'
Slack : -3.402
TNS   : -3.402

Type  : Fast 1100mV 85C Model Setup 'avconf:avc|mI2C_CTRL_CLK'
Slack : -1.276
TNS   : -59.936

Type  : Fast 1100mV 85C Model Hold 'CLOCK_50'
Slack : 0.135
TNS   : 0.000

Type  : Fast 1100mV 85C Model Hold 'avconf:avc|mI2C_CTRL_CLK'
Slack : 0.152
TNS   : 0.000

Type  : Fast 1100mV 85C Model Minimum Pulse Width 'avconf:avc|mI2C_CTRL_CLK'
Slack : 0.067
TNS   : 0.000

Type  : Fast 1100mV 85C Model Minimum Pulse Width 'Audio_Controller|Audio_Clock|altpll_component|auto_generated|generic_pll1~FRACTIONAL_PLL|vcoph[0]'
Slack : 1.666
TNS   : 0.000

Type  : Fast 1100mV 85C Model Minimum Pulse Width 'CLOCK_50'
Slack : 8.782
TNS   : 0.000

Type  : Fast 1100mV 0C Model Setup 'CLOCK_50'
Slack : -2.888
TNS   : -2.888

Type  : Fast 1100mV 0C Model Setup 'avconf:avc|mI2C_CTRL_CLK'
Slack : -1.116
TNS   : -51.704

Type  : Fast 1100mV 0C Model Hold 'CLOCK_50'
Slack : 0.122
TNS   : 0.000

Type  : Fast 1100mV 0C Model Hold 'avconf:avc|mI2C_CTRL_CLK'
Slack : 0.145
TNS   : 0.000

Type  : Fast 1100mV 0C Model Minimum Pulse Width 'avconf:avc|mI2C_CTRL_CLK'
Slack : 0.091
TNS   : 0.000

Type  : Fast 1100mV 0C Model Minimum Pulse Width 'Audio_Controller|Audio_Clock|altpll_component|auto_generated|generic_pll1~FRACTIONAL_PLL|vcoph[0]'
Slack : 1.666
TNS   : 0.000

Type  : Fast 1100mV 0C Model Minimum Pulse Width 'CLOCK_50'
Slack : 8.777
TNS   : 0.000

------------------------------------------------------------
