------------------------------------------------------------
Timing Analyzer Summary
------------------------------------------------------------

Type  : Slow 1100mV 85C Model Setup 'CLOCK_50'
Slack : -9.096
TNS   : -440.987

Type  : Slow 1100mV 85C Model Setup 'part2:p2|control:c1|current_state.S_ClearScreen'
Slack : -5.703
TNS   : -32.974

Type  : Slow 1100mV 85C Model Setup 'part2:p2|RateDivider:r1|q[0]'
Slack : -4.247
TNS   : -49.254

Type  : Slow 1100mV 85C Model Setup 'DE1_SoC_Audio_Example:d1|avconf:avc|mI2C_CTRL_CLK'
Slack : -2.507
TNS   : -127.225

Type  : Slow 1100mV 85C Model Setup 'part2:p2|datapath:d1|RateDivider:r1|q[0]'
Slack : -1.358
TNS   : -3.087

Type  : Slow 1100mV 85C Model Setup 'v1|mypll|altpll_component|auto_generated|generic_pll1~PLL_OUTPUT_COUNTER|divclk'
Slack : 30.822
TNS   : 0.000

Type  : Slow 1100mV 85C Model Hold 'CLOCK_50'
Slack : -4.557
TNS   : -4.557

Type  : Slow 1100mV 85C Model Hold 'DE1_SoC_Audio_Example:d1|avconf:avc|mI2C_CTRL_CLK'
Slack : 0.346
TNS   : 0.000

Type  : Slow 1100mV 85C Model Hold 'v1|mypll|altpll_component|auto_generated|generic_pll1~PLL_OUTPUT_COUNTER|divclk'
Slack : 0.424
TNS   : 0.000

Type  : Slow 1100mV 85C Model Hold 'part2:p2|RateDivider:r1|q[0]'
Slack : 0.721
TNS   : 0.000

Type  : Slow 1100mV 85C Model Hold 'part2:p2|datapath:d1|RateDivider:r1|q[0]'
Slack : 0.725
TNS   : 0.000

Type  : Slow 1100mV 85C Model Hold 'part2:p2|control:c1|current_state.S_ClearScreen'
Slack : 2.281
TNS   : 0.000

Type  : Slow 1100mV 85C Model Minimum Pulse Width 'part2:p2|RateDivider:r1|q[0]'
Slack : -2.174
TNS   : -133.353

Type  : Slow 1100mV 85C Model Minimum Pulse Width 'DE1_SoC_Audio_Example:d1|avconf:avc|mI2C_CTRL_CLK'
Slack : -0.394
TNS   : -37.719

Type  : Slow 1100mV 85C Model Minimum Pulse Width 'part2:p2|datapath:d1|RateDivider:r1|q[0]'
Slack : -0.394
TNS   : -2.307

Type  : Slow 1100mV 85C Model Minimum Pulse Width 'part2:p2|control:c1|current_state.S_ClearScreen'
Slack : 0.374
TNS   : 0.000

Type  : Slow 1100mV 85C Model Minimum Pulse Width 'v1|mypll|altpll_component|auto_generated|generic_pll1~FRACTIONAL_PLL|vcoph[0]'
Slack : 1.666
TNS   : 0.000

Type  : Slow 1100mV 85C Model Minimum Pulse Width 'CLOCK_50'
Slack : 8.749
TNS   : 0.000

Type  : Slow 1100mV 85C Model Minimum Pulse Width 'v1|mypll|altpll_component|auto_generated|generic_pll1~PLL_OUTPUT_COUNTER|divclk'
Slack : 18.755
TNS   : 0.000

Type  : Slow 1100mV 0C Model Setup 'CLOCK_50'
Slack : -8.612
TNS   : -406.926

Type  : Slow 1100mV 0C Model Setup 'part2:p2|control:c1|current_state.S_ClearScreen'
Slack : -5.750
TNS   : -33.355

Type  : Slow 1100mV 0C Model Setup 'part2:p2|RateDivider:r1|q[0]'
Slack : -4.422
TNS   : -50.042

Type  : Slow 1100mV 0C Model Setup 'DE1_SoC_Audio_Example:d1|avconf:avc|mI2C_CTRL_CLK'
Slack : -2.457
TNS   : -123.145

Type  : Slow 1100mV 0C Model Setup 'part2:p2|datapath:d1|RateDivider:r1|q[0]'
Slack : -1.332
TNS   : -3.000

Type  : Slow 1100mV 0C Model Setup 'v1|mypll|altpll_component|auto_generated|generic_pll1~PLL_OUTPUT_COUNTER|divclk'
Slack : 31.111
TNS   : 0.000

Type  : Slow 1100mV 0C Model Hold 'CLOCK_50'
Slack : -4.599
TNS   : -5.081

Type  : Slow 1100mV 0C Model Hold 'DE1_SoC_Audio_Example:d1|avconf:avc|mI2C_CTRL_CLK'
Slack : 0.323
TNS   : 0.000

Type  : Slow 1100mV 0C Model Hold 'v1|mypll|altpll_component|auto_generated|generic_pll1~PLL_OUTPUT_COUNTER|divclk'
Slack : 0.394
TNS   : 0.000

Type  : Slow 1100mV 0C Model Hold 'part2:p2|datapath:d1|RateDivider:r1|q[0]'
Slack : 0.697
TNS   : 0.000

Type  : Slow 1100mV 0C Model Hold 'part2:p2|RateDivider:r1|q[0]'
Slack : 0.751
TNS   : 0.000

Type  : Slow 1100mV 0C Model Hold 'part2:p2|control:c1|current_state.S_ClearScreen'
Slack : 2.106
TNS   : 0.000

Type  : Slow 1100mV 0C Model Minimum Pulse Width 'part2:p2|RateDivider:r1|q[0]'
Slack : -2.174
TNS   : -133.774

Type  : Slow 1100mV 0C Model Minimum Pulse Width 'part2:p2|datapath:d1|RateDivider:r1|q[0]'
Slack : -0.399
TNS   : -2.350

Type  : Slow 1100mV 0C Model Minimum Pulse Width 'DE1_SoC_Audio_Example:d1|avconf:avc|mI2C_CTRL_CLK'
Slack : -0.394
TNS   : -37.583

Type  : Slow 1100mV 0C Model Minimum Pulse Width 'part2:p2|control:c1|current_state.S_ClearScreen'
Slack : 0.370
TNS   : 0.000

Type  : Slow 1100mV 0C Model Minimum Pulse Width 'v1|mypll|altpll_component|auto_generated|generic_pll1~FRACTIONAL_PLL|vcoph[0]'
Slack : 1.666
TNS   : 0.000

Type  : Slow 1100mV 0C Model Minimum Pulse Width 'CLOCK_50'
Slack : 8.721
TNS   : 0.000

Type  : Slow 1100mV 0C Model Minimum Pulse Width 'v1|mypll|altpll_component|auto_generated|generic_pll1~PLL_OUTPUT_COUNTER|divclk'
Slack : 18.733
TNS   : 0.000

Type  : Fast 1100mV 85C Model Setup 'CLOCK_50'
Slack : -6.608
TNS   : -321.510

Type  : Fast 1100mV 85C Model Setup 'part2:p2|control:c1|current_state.S_ClearScreen'
Slack : -2.774
TNS   : -15.959

Type  : Fast 1100mV 85C Model Setup 'part2:p2|RateDivider:r1|q[0]'
Slack : -2.351
TNS   : -20.763

Type  : Fast 1100mV 85C Model Setup 'DE1_SoC_Audio_Example:d1|avconf:avc|mI2C_CTRL_CLK'
Slack : -1.223
TNS   : -55.366

Type  : Fast 1100mV 85C Model Setup 'part2:p2|datapath:d1|RateDivider:r1|q[0]'
Slack : -0.578
TNS   : -1.034

Type  : Fast 1100mV 85C Model Setup 'v1|mypll|altpll_component|auto_generated|generic_pll1~PLL_OUTPUT_COUNTER|divclk'
Slack : 33.778
TNS   : 0.000

Type  : Fast 1100mV 85C Model Hold 'CLOCK_50'
Slack : -2.670
TNS   : -2.670

Type  : Fast 1100mV 85C Model Hold 'DE1_SoC_Audio_Example:d1|avconf:avc|mI2C_CTRL_CLK'
Slack : 0.140
TNS   : 0.000

Type  : Fast 1100mV 85C Model Hold 'v1|mypll|altpll_component|auto_generated|generic_pll1~PLL_OUTPUT_COUNTER|divclk'
Slack : 0.236
TNS   : 0.000

Type  : Fast 1100mV 85C Model Hold 'part2:p2|datapath:d1|RateDivider:r1|q[0]'
Slack : 0.380
TNS   : 0.000

Type  : Fast 1100mV 85C Model Hold 'part2:p2|RateDivider:r1|q[0]'
Slack : 0.435
TNS   : 0.000

Type  : Fast 1100mV 85C Model Hold 'part2:p2|control:c1|current_state.S_ClearScreen'
Slack : 1.484
TNS   : 0.000

Type  : Fast 1100mV 85C Model Minimum Pulse Width 'part2:p2|RateDivider:r1|q[0]'
Slack : -2.174
TNS   : -129.428

Type  : Fast 1100mV 85C Model Minimum Pulse Width 'part2:p2|datapath:d1|RateDivider:r1|q[0]'
Slack : -0.123
TNS   : -0.346

Type  : Fast 1100mV 85C Model Minimum Pulse Width 'DE1_SoC_Audio_Example:d1|avconf:avc|mI2C_CTRL_CLK'
Slack : 0.010
TNS   : 0.000

Type  : Fast 1100mV 85C Model Minimum Pulse Width 'part2:p2|control:c1|current_state.S_ClearScreen'
Slack : 0.447
TNS   : 0.000

Type  : Fast 1100mV 85C Model Minimum Pulse Width 'v1|mypll|altpll_component|auto_generated|generic_pll1~FRACTIONAL_PLL|vcoph[0]'
Slack : 1.666
TNS   : 0.000

Type  : Fast 1100mV 85C Model Minimum Pulse Width 'CLOCK_50'
Slack : 8.786
TNS   : 0.000

Type  : Fast 1100mV 85C Model Minimum Pulse Width 'v1|mypll|altpll_component|auto_generated|generic_pll1~PLL_OUTPUT_COUNTER|divclk'
Slack : 18.878
TNS   : 0.000

Type  : Fast 1100mV 0C Model Setup 'CLOCK_50'
Slack : -5.517
TNS   : -257.462

Type  : Fast 1100mV 0C Model Setup 'part2:p2|control:c1|current_state.S_ClearScreen'
Slack : -2.656
TNS   : -15.352

Type  : Fast 1100mV 0C Model Setup 'part2:p2|RateDivider:r1|q[0]'
Slack : -2.359
TNS   : -19.735

Type  : Fast 1100mV 0C Model Setup 'DE1_SoC_Audio_Example:d1|avconf:avc|mI2C_CTRL_CLK'
Slack : -1.070
TNS   : -47.294

Type  : Fast 1100mV 0C Model Setup 'part2:p2|datapath:d1|RateDivider:r1|q[0]'
Slack : -0.451
TNS   : -0.769

Type  : Fast 1100mV 0C Model Setup 'v1|mypll|altpll_component|auto_generated|generic_pll1~PLL_OUTPUT_COUNTER|divclk'
Slack : 34.518
TNS   : 0.000

Type  : Fast 1100mV 0C Model Hold 'CLOCK_50'
Slack : -2.629
TNS   : -2.749

Type  : Fast 1100mV 0C Model Hold 'DE1_SoC_Audio_Example:d1|avconf:avc|mI2C_CTRL_CLK'
Slack : 0.112
TNS   : 0.000

Type  : Fast 1100mV 0C Model Hold 'v1|mypll|altpll_component|auto_generated|generic_pll1~PLL_OUTPUT_COUNTER|divclk'
Slack : 0.213
TNS   : 0.000

Type  : Fast 1100mV 0C Model Hold 'part2:p2|datapath:d1|RateDivider:r1|q[0]'
Slack : 0.341
TNS   : 0.000

Type  : Fast 1100mV 0C Model Hold 'part2:p2|RateDivider:r1|q[0]'
Slack : 0.429
TNS   : 0.000

Type  : Fast 1100mV 0C Model Hold 'part2:p2|control:c1|current_state.S_ClearScreen'
Slack : 1.345
TNS   : 0.000

Type  : Fast 1100mV 0C Model Minimum Pulse Width 'part2:p2|RateDivider:r1|q[0]'
Slack : -2.174
TNS   : -129.437

Type  : Fast 1100mV 0C Model Minimum Pulse Width 'part2:p2|datapath:d1|RateDivider:r1|q[0]'
Slack : -0.070
TNS   : -0.185

Type  : Fast 1100mV 0C Model Minimum Pulse Width 'DE1_SoC_Audio_Example:d1|avconf:avc|mI2C_CTRL_CLK'
Slack : 0.035
TNS   : 0.000

Type  : Fast 1100mV 0C Model Minimum Pulse Width 'part2:p2|control:c1|current_state.S_ClearScreen'
Slack : 0.441
TNS   : 0.000

Type  : Fast 1100mV 0C Model Minimum Pulse Width 'v1|mypll|altpll_component|auto_generated|generic_pll1~FRACTIONAL_PLL|vcoph[0]'
Slack : 1.666
TNS   : 0.000

Type  : Fast 1100mV 0C Model Minimum Pulse Width 'CLOCK_50'
Slack : 8.799
TNS   : 0.000

Type  : Fast 1100mV 0C Model Minimum Pulse Width 'v1|mypll|altpll_component|auto_generated|generic_pll1~PLL_OUTPUT_COUNTER|divclk'
Slack : 18.880
TNS   : 0.000

------------------------------------------------------------
