------------------------------------------------------------
Timing Analyzer Summary
------------------------------------------------------------

Type  : Slow 1100mV 85C Model Setup 'CLOCK_50'
Slack : -3.961
TNS   : -3.961

Type  : Slow 1100mV 85C Model Setup 'DE1_SoC_Audio_Example:d1|avconf:avc|mI2C_CTRL_CLK'
Slack : -2.386
TNS   : -134.747

Type  : Slow 1100mV 85C Model Setup 'v1|mypll|altpll_component|auto_generated|generic_pll1~PLL_OUTPUT_COUNTER|divclk'
Slack : 29.165
TNS   : 0.000

Type  : Slow 1100mV 85C Model Hold 'CLOCK_50'
Slack : 0.218
TNS   : 0.000

Type  : Slow 1100mV 85C Model Hold 'DE1_SoC_Audio_Example:d1|avconf:avc|mI2C_CTRL_CLK'
Slack : 0.351
TNS   : 0.000

Type  : Slow 1100mV 85C Model Hold 'v1|mypll|altpll_component|auto_generated|generic_pll1~PLL_OUTPUT_COUNTER|divclk'
Slack : 0.428
TNS   : 0.000

Type  : Slow 1100mV 85C Model Minimum Pulse Width 'DE1_SoC_Audio_Example:d1|avconf:avc|mI2C_CTRL_CLK'
Slack : -0.394
TNS   : -37.732

Type  : Slow 1100mV 85C Model Minimum Pulse Width 'v1|mypll|altpll_component|auto_generated|generic_pll1~FRACTIONAL_PLL|vcoph[0]'
Slack : 1.666
TNS   : 0.000

Type  : Slow 1100mV 85C Model Minimum Pulse Width 'CLOCK_50'
Slack : 8.730
TNS   : 0.000

Type  : Slow 1100mV 85C Model Minimum Pulse Width 'v1|mypll|altpll_component|auto_generated|generic_pll1~PLL_OUTPUT_COUNTER|divclk'
Slack : 18.756
TNS   : 0.000

Type  : Slow 1100mV 0C Model Setup 'CLOCK_50'
Slack : -3.895
TNS   : -3.895

Type  : Slow 1100mV 0C Model Setup 'DE1_SoC_Audio_Example:d1|avconf:avc|mI2C_CTRL_CLK'
Slack : -2.305
TNS   : -128.713

Type  : Slow 1100mV 0C Model Setup 'v1|mypll|altpll_component|auto_generated|generic_pll1~PLL_OUTPUT_COUNTER|divclk'
Slack : 29.569
TNS   : 0.000

Type  : Slow 1100mV 0C Model Hold 'CLOCK_50'
Slack : 0.205
TNS   : 0.000

Type  : Slow 1100mV 0C Model Hold 'DE1_SoC_Audio_Example:d1|avconf:avc|mI2C_CTRL_CLK'
Slack : 0.333
TNS   : 0.000

Type  : Slow 1100mV 0C Model Hold 'v1|mypll|altpll_component|auto_generated|generic_pll1~PLL_OUTPUT_COUNTER|divclk'
Slack : 0.396
TNS   : 0.000

Type  : Slow 1100mV 0C Model Minimum Pulse Width 'DE1_SoC_Audio_Example:d1|avconf:avc|mI2C_CTRL_CLK'
Slack : -0.394
TNS   : -37.158

Type  : Slow 1100mV 0C Model Minimum Pulse Width 'v1|mypll|altpll_component|auto_generated|generic_pll1~FRACTIONAL_PLL|vcoph[0]'
Slack : 1.666
TNS   : 0.000

Type  : Slow 1100mV 0C Model Minimum Pulse Width 'CLOCK_50'
Slack : 8.721
TNS   : 0.000

Type  : Slow 1100mV 0C Model Minimum Pulse Width 'v1|mypll|altpll_component|auto_generated|generic_pll1~PLL_OUTPUT_COUNTER|divclk'
Slack : 18.733
TNS   : 0.000

Type  : Fast 1100mV 85C Model Setup 'CLOCK_50'
Slack : -3.472
TNS   : -3.472

Type  : Fast 1100mV 85C Model Setup 'DE1_SoC_Audio_Example:d1|avconf:avc|mI2C_CTRL_CLK'
Slack : -1.240
TNS   : -57.279

Type  : Fast 1100mV 85C Model Setup 'v1|mypll|altpll_component|auto_generated|generic_pll1~PLL_OUTPUT_COUNTER|divclk'
Slack : 32.487
TNS   : 0.000

Type  : Fast 1100mV 85C Model Hold 'CLOCK_50'
Slack : 0.129
TNS   : 0.000

Type  : Fast 1100mV 85C Model Hold 'DE1_SoC_Audio_Example:d1|avconf:avc|mI2C_CTRL_CLK'
Slack : 0.159
TNS   : 0.000

Type  : Fast 1100mV 85C Model Hold 'v1|mypll|altpll_component|auto_generated|generic_pll1~PLL_OUTPUT_COUNTER|divclk'
Slack : 0.236
TNS   : 0.000

Type  : Fast 1100mV 85C Model Minimum Pulse Width 'DE1_SoC_Audio_Example:d1|avconf:avc|mI2C_CTRL_CLK'
Slack : 0.045
TNS   : 0.000

Type  : Fast 1100mV 85C Model Minimum Pulse Width 'v1|mypll|altpll_component|auto_generated|generic_pll1~FRACTIONAL_PLL|vcoph[0]'
Slack : 1.666
TNS   : 0.000

Type  : Fast 1100mV 85C Model Minimum Pulse Width 'CLOCK_50'
Slack : 8.764
TNS   : 0.000

Type  : Fast 1100mV 85C Model Minimum Pulse Width 'v1|mypll|altpll_component|auto_generated|generic_pll1~PLL_OUTPUT_COUNTER|divclk'
Slack : 18.878
TNS   : 0.000

Type  : Fast 1100mV 0C Model Setup 'CLOCK_50'
Slack : -2.950
TNS   : -2.950

Type  : Fast 1100mV 0C Model Setup 'DE1_SoC_Audio_Example:d1|avconf:avc|mI2C_CTRL_CLK'
Slack : -1.066
TNS   : -48.697

Type  : Fast 1100mV 0C Model Setup 'v1|mypll|altpll_component|auto_generated|generic_pll1~PLL_OUTPUT_COUNTER|divclk'
Slack : 33.438
TNS   : 0.000

Type  : Fast 1100mV 0C Model Hold 'CLOCK_50'
Slack : 0.117
TNS   : 0.000

Type  : Fast 1100mV 0C Model Hold 'DE1_SoC_Audio_Example:d1|avconf:avc|mI2C_CTRL_CLK'
Slack : 0.148
TNS   : 0.000

Type  : Fast 1100mV 0C Model Hold 'v1|mypll|altpll_component|auto_generated|generic_pll1~PLL_OUTPUT_COUNTER|divclk'
Slack : 0.214
TNS   : 0.000

Type  : Fast 1100mV 0C Model Minimum Pulse Width 'DE1_SoC_Audio_Example:d1|avconf:avc|mI2C_CTRL_CLK'
Slack : 0.078
TNS   : 0.000

Type  : Fast 1100mV 0C Model Minimum Pulse Width 'v1|mypll|altpll_component|auto_generated|generic_pll1~FRACTIONAL_PLL|vcoph[0]'
Slack : 1.666
TNS   : 0.000

Type  : Fast 1100mV 0C Model Minimum Pulse Width 'CLOCK_50'
Slack : 8.790
TNS   : 0.000

Type  : Fast 1100mV 0C Model Minimum Pulse Width 'v1|mypll|altpll_component|auto_generated|generic_pll1~PLL_OUTPUT_COUNTER|divclk'
Slack : 18.880
TNS   : 0.000

------------------------------------------------------------
