------------------------------------------------------------
Timing Analyzer Summary
------------------------------------------------------------

Type  : Slow 1100mV 85C Model Setup 'part2:p2|control:c1|current_state.S_ClearScreen'
Slack : -6.430
TNS   : -35.036

Type  : Slow 1100mV 85C Model Setup 'CLOCK_50'
Slack : -6.052
TNS   : -364.330

Type  : Slow 1100mV 85C Model Setup 'part2:p2|RateDivider:r1|q[0]'
Slack : -3.525
TNS   : -43.956

Type  : Slow 1100mV 85C Model Setup 'DE1_SoC_Audio_Example:d1|avconf:avc|mI2C_CTRL_CLK'
Slack : -2.514
TNS   : -137.543

Type  : Slow 1100mV 85C Model Setup 'part2:p2|datapath:d1|RateDivider:r1|q[0]'
Slack : -1.184
TNS   : -3.092

Type  : Slow 1100mV 85C Model Setup 'v1|mypll|altpll_component|auto_generated|generic_pll1~PLL_OUTPUT_COUNTER|divclk'
Slack : 31.735
TNS   : 0.000

Type  : Slow 1100mV 85C Model Hold 'CLOCK_50'
Slack : 0.161
TNS   : 0.000

Type  : Slow 1100mV 85C Model Hold 'v1|mypll|altpll_component|auto_generated|generic_pll1~PLL_OUTPUT_COUNTER|divclk'
Slack : 0.439
TNS   : 0.000

Type  : Slow 1100mV 85C Model Hold 'DE1_SoC_Audio_Example:d1|avconf:avc|mI2C_CTRL_CLK'
Slack : 0.444
TNS   : 0.000

Type  : Slow 1100mV 85C Model Hold 'part2:p2|RateDivider:r1|q[0]'
Slack : 0.721
TNS   : 0.000

Type  : Slow 1100mV 85C Model Hold 'part2:p2|datapath:d1|RateDivider:r1|q[0]'
Slack : 0.764
TNS   : 0.000

Type  : Slow 1100mV 85C Model Hold 'part2:p2|control:c1|current_state.S_ClearScreen'
Slack : 2.678
TNS   : 0.000

Type  : Slow 1100mV 85C Model Minimum Pulse Width 'part2:p2|RateDivider:r1|q[0]'
Slack : -2.174
TNS   : -121.397

Type  : Slow 1100mV 85C Model Minimum Pulse Width 'part2:p2|datapath:d1|RateDivider:r1|q[0]'
Slack : -0.406
TNS   : -2.397

Type  : Slow 1100mV 85C Model Minimum Pulse Width 'DE1_SoC_Audio_Example:d1|avconf:avc|mI2C_CTRL_CLK'
Slack : -0.394
TNS   : -36.453

Type  : Slow 1100mV 85C Model Minimum Pulse Width 'part2:p2|control:c1|current_state.S_ClearScreen'
Slack : 0.383
TNS   : 0.000

Type  : Slow 1100mV 85C Model Minimum Pulse Width 'v1|mypll|altpll_component|auto_generated|generic_pll1~FRACTIONAL_PLL|vcoph[0]'
Slack : 1.666
TNS   : 0.000

Type  : Slow 1100mV 85C Model Minimum Pulse Width 'CLOCK_50'
Slack : 8.642
TNS   : 0.000

Type  : Slow 1100mV 85C Model Minimum Pulse Width 'v1|mypll|altpll_component|auto_generated|generic_pll1~PLL_OUTPUT_COUNTER|divclk'
Slack : 18.756
TNS   : 0.000

Type  : Slow 1100mV 0C Model Setup 'part2:p2|control:c1|current_state.S_ClearScreen'
Slack : -6.500
TNS   : -35.321

Type  : Slow 1100mV 0C Model Setup 'CLOCK_50'
Slack : -5.906
TNS   : -332.997

Type  : Slow 1100mV 0C Model Setup 'part2:p2|RateDivider:r1|q[0]'
Slack : -3.721
TNS   : -44.776

Type  : Slow 1100mV 0C Model Setup 'DE1_SoC_Audio_Example:d1|avconf:avc|mI2C_CTRL_CLK'
Slack : -2.453
TNS   : -133.618

Type  : Slow 1100mV 0C Model Setup 'part2:p2|datapath:d1|RateDivider:r1|q[0]'
Slack : -1.177
TNS   : -3.066

Type  : Slow 1100mV 0C Model Setup 'v1|mypll|altpll_component|auto_generated|generic_pll1~PLL_OUTPUT_COUNTER|divclk'
Slack : 32.005
TNS   : 0.000

Type  : Slow 1100mV 0C Model Hold 'CLOCK_50'
Slack : -0.134
TNS   : -0.198

Type  : Slow 1100mV 0C Model Hold 'v1|mypll|altpll_component|auto_generated|generic_pll1~PLL_OUTPUT_COUNTER|divclk'
Slack : 0.374
TNS   : 0.000

Type  : Slow 1100mV 0C Model Hold 'DE1_SoC_Audio_Example:d1|avconf:avc|mI2C_CTRL_CLK'
Slack : 0.456
TNS   : 0.000

Type  : Slow 1100mV 0C Model Hold 'part2:p2|datapath:d1|RateDivider:r1|q[0]'
Slack : 0.728
TNS   : 0.000

Type  : Slow 1100mV 0C Model Hold 'part2:p2|RateDivider:r1|q[0]'
Slack : 0.751
TNS   : 0.000

Type  : Slow 1100mV 0C Model Hold 'part2:p2|control:c1|current_state.S_ClearScreen'
Slack : 2.439
TNS   : 0.000

Type  : Slow 1100mV 0C Model Minimum Pulse Width 'part2:p2|RateDivider:r1|q[0]'
Slack : -2.174
TNS   : -122.755

Type  : Slow 1100mV 0C Model Minimum Pulse Width 'part2:p2|datapath:d1|RateDivider:r1|q[0]'
Slack : -0.432
TNS   : -2.475

Type  : Slow 1100mV 0C Model Minimum Pulse Width 'DE1_SoC_Audio_Example:d1|avconf:avc|mI2C_CTRL_CLK'
Slack : -0.394
TNS   : -36.216

Type  : Slow 1100mV 0C Model Minimum Pulse Width 'part2:p2|control:c1|current_state.S_ClearScreen'
Slack : 0.357
TNS   : 0.000

Type  : Slow 1100mV 0C Model Minimum Pulse Width 'v1|mypll|altpll_component|auto_generated|generic_pll1~FRACTIONAL_PLL|vcoph[0]'
Slack : 1.666
TNS   : 0.000

Type  : Slow 1100mV 0C Model Minimum Pulse Width 'CLOCK_50'
Slack : 8.616
TNS   : 0.000

Type  : Slow 1100mV 0C Model Minimum Pulse Width 'v1|mypll|altpll_component|auto_generated|generic_pll1~PLL_OUTPUT_COUNTER|divclk'
Slack : 18.733
TNS   : 0.000

Type  : Fast 1100mV 85C Model Setup 'CLOCK_50'
Slack : -4.824
TNS   : -272.092

Type  : Fast 1100mV 85C Model Setup 'part2:p2|control:c1|current_state.S_ClearScreen'
Slack : -3.249
TNS   : -17.151

Type  : Fast 1100mV 85C Model Setup 'part2:p2|RateDivider:r1|q[0]'
Slack : -1.828
TNS   : -18.385

Type  : Fast 1100mV 85C Model Setup 'DE1_SoC_Audio_Example:d1|avconf:avc|mI2C_CTRL_CLK'
Slack : -1.339
TNS   : -58.233

Type  : Fast 1100mV 85C Model Setup 'part2:p2|datapath:d1|RateDivider:r1|q[0]'
Slack : -0.453
TNS   : -0.928

Type  : Fast 1100mV 85C Model Setup 'v1|mypll|altpll_component|auto_generated|generic_pll1~PLL_OUTPUT_COUNTER|divclk'
Slack : 34.402
TNS   : 0.000

Type  : Fast 1100mV 85C Model Hold 'DE1_SoC_Audio_Example:d1|avconf:avc|mI2C_CTRL_CLK'
Slack : 0.167
TNS   : 0.000

Type  : Fast 1100mV 85C Model Hold 'CLOCK_50'
Slack : 0.176
TNS   : 0.000

Type  : Fast 1100mV 85C Model Hold 'v1|mypll|altpll_component|auto_generated|generic_pll1~PLL_OUTPUT_COUNTER|divclk'
Slack : 0.242
TNS   : 0.000

Type  : Fast 1100mV 85C Model Hold 'part2:p2|datapath:d1|RateDivider:r1|q[0]'
Slack : 0.384
TNS   : 0.000

Type  : Fast 1100mV 85C Model Hold 'part2:p2|RateDivider:r1|q[0]'
Slack : 0.435
TNS   : 0.000

Type  : Fast 1100mV 85C Model Hold 'part2:p2|control:c1|current_state.S_ClearScreen'
Slack : 1.705
TNS   : 0.000

Type  : Fast 1100mV 85C Model Minimum Pulse Width 'part2:p2|RateDivider:r1|q[0]'
Slack : -2.174
TNS   : -118.774

Type  : Fast 1100mV 85C Model Minimum Pulse Width 'part2:p2|datapath:d1|RateDivider:r1|q[0]'
Slack : -0.138
TNS   : -0.413

Type  : Fast 1100mV 85C Model Minimum Pulse Width 'DE1_SoC_Audio_Example:d1|avconf:avc|mI2C_CTRL_CLK'
Slack : 0.096
TNS   : 0.000

Type  : Fast 1100mV 85C Model Minimum Pulse Width 'part2:p2|control:c1|current_state.S_ClearScreen'
Slack : 0.460
TNS   : 0.000

Type  : Fast 1100mV 85C Model Minimum Pulse Width 'v1|mypll|altpll_component|auto_generated|generic_pll1~FRACTIONAL_PLL|vcoph[0]'
Slack : 1.666
TNS   : 0.000

Type  : Fast 1100mV 85C Model Minimum Pulse Width 'CLOCK_50'
Slack : 8.689
TNS   : 0.000

Type  : Fast 1100mV 85C Model Minimum Pulse Width 'v1|mypll|altpll_component|auto_generated|generic_pll1~PLL_OUTPUT_COUNTER|divclk'
Slack : 18.878
TNS   : 0.000

Type  : Fast 1100mV 0C Model Setup 'CLOCK_50'
Slack : -4.148
TNS   : -216.613

Type  : Fast 1100mV 0C Model Setup 'part2:p2|control:c1|current_state.S_ClearScreen'
Slack : -3.091
TNS   : -16.451

Type  : Fast 1100mV 0C Model Setup 'part2:p2|RateDivider:r1|q[0]'
Slack : -1.896
TNS   : -17.631

Type  : Fast 1100mV 0C Model Setup 'DE1_SoC_Audio_Example:d1|avconf:avc|mI2C_CTRL_CLK'
Slack : -1.158
TNS   : -50.259

Type  : Fast 1100mV 0C Model Setup 'part2:p2|datapath:d1|RateDivider:r1|q[0]'
Slack : -0.355
TNS   : -0.703

Type  : Fast 1100mV 0C Model Setup 'v1|mypll|altpll_component|auto_generated|generic_pll1~PLL_OUTPUT_COUNTER|divclk'
Slack : 35.093
TNS   : 0.000

Type  : Fast 1100mV 0C Model Hold 'CLOCK_50'
Slack : 0.049
TNS   : 0.000

Type  : Fast 1100mV 0C Model Hold 'DE1_SoC_Audio_Example:d1|avconf:avc|mI2C_CTRL_CLK'
Slack : 0.154
TNS   : 0.000

Type  : Fast 1100mV 0C Model Hold 'v1|mypll|altpll_component|auto_generated|generic_pll1~PLL_OUTPUT_COUNTER|divclk'
Slack : 0.220
TNS   : 0.000

Type  : Fast 1100mV 0C Model Hold 'part2:p2|datapath:d1|RateDivider:r1|q[0]'
Slack : 0.341
TNS   : 0.000

Type  : Fast 1100mV 0C Model Hold 'part2:p2|RateDivider:r1|q[0]'
Slack : 0.428
TNS   : 0.000

Type  : Fast 1100mV 0C Model Hold 'part2:p2|control:c1|current_state.S_ClearScreen'
Slack : 1.530
TNS   : 0.000

Type  : Fast 1100mV 0C Model Minimum Pulse Width 'part2:p2|RateDivider:r1|q[0]'
Slack : -2.174
TNS   : -118.983

Type  : Fast 1100mV 0C Model Minimum Pulse Width 'part2:p2|datapath:d1|RateDivider:r1|q[0]'
Slack : -0.087
TNS   : -0.260

Type  : Fast 1100mV 0C Model Minimum Pulse Width 'DE1_SoC_Audio_Example:d1|avconf:avc|mI2C_CTRL_CLK'
Slack : 0.110
TNS   : 0.000

Type  : Fast 1100mV 0C Model Minimum Pulse Width 'part2:p2|control:c1|current_state.S_ClearScreen'
Slack : 0.456
TNS   : 0.000

Type  : Fast 1100mV 0C Model Minimum Pulse Width 'v1|mypll|altpll_component|auto_generated|generic_pll1~FRACTIONAL_PLL|vcoph[0]'
Slack : 1.666
TNS   : 0.000

Type  : Fast 1100mV 0C Model Minimum Pulse Width 'CLOCK_50'
Slack : 8.718
TNS   : 0.000

Type  : Fast 1100mV 0C Model Minimum Pulse Width 'v1|mypll|altpll_component|auto_generated|generic_pll1~PLL_OUTPUT_COUNTER|divclk'
Slack : 18.880
TNS   : 0.000

------------------------------------------------------------
