------------------------------------------------------------
Timing Analyzer Summary
------------------------------------------------------------

Type  : Slow 1100mV 85C Model Setup 'CLOCK_50'
Slack : -2.002
TNS   : -154.201

Type  : Slow 1100mV 85C Model Hold 'CLOCK_50'
Slack : 0.324
TNS   : 0.000

Type  : Slow 1100mV 85C Model Minimum Pulse Width 'CLOCK_50'
Slack : -0.394
TNS   : -60.829

Type  : Slow 1100mV 0C Model Setup 'CLOCK_50'
Slack : -1.961
TNS   : -149.820

Type  : Slow 1100mV 0C Model Hold 'CLOCK_50'
Slack : 0.300
TNS   : 0.000

Type  : Slow 1100mV 0C Model Minimum Pulse Width 'CLOCK_50'
Slack : -0.394
TNS   : -65.312

Type  : Fast 1100mV 85C Model Setup 'CLOCK_50'
Slack : -0.706
TNS   : -38.326

Type  : Fast 1100mV 85C Model Hold 'CLOCK_50'
Slack : 0.177
TNS   : 0.000

Type  : Fast 1100mV 85C Model Minimum Pulse Width 'CLOCK_50'
Slack : -0.092
TNS   : -10.080

Type  : Fast 1100mV 0C Model Setup 'CLOCK_50'
Slack : -0.581
TNS   : -28.460

Type  : Fast 1100mV 0C Model Hold 'CLOCK_50'
Slack : 0.169
TNS   : 0.000

Type  : Fast 1100mV 0C Model Minimum Pulse Width 'CLOCK_50'
Slack : -0.090
TNS   : -9.927

------------------------------------------------------------
